a3 a2 a1 a0 b3 b2 b1 b0 => s3 s2 s1 s0 c4 c3 c2 c1 
0 0 0 0 0 0 0 0 => 0@6 0@6 0@6 0@6 0@6 0@6 0@6 0@6 
0 0 0 0 0 0 0 1 => 0@6 0@6 0@6 1@6 0@6 0@6 0@6 0@6 
1 0 0 0 0 0 0 0 => 1@6 0@6 0@6 0@6 0@6 0@6 0@6 0@6 
0 0 0 1 0 0 0 1 => 0@6 0@6 1@6 0@6 0@6 0@6 0@6 1@6 
0 0 1 1 0 0 0 1 => 0@6 1@6 0@6 0@6 0@6 0@6 1@6 1@6 
1 0 1 0 0 1 0 1 => 1@6 1@6 1@6 1@6 0@6 0@6 0@6 0@6 
0 0 0 1 1 1 1 1 => 0@6 0@6 0@6 0@6 1@6 1@6 1@6 1@6 
0 1 0 1 0 1 1 0 => 1@6 0@6 1@6 1@6 0@6 1@6 0@6 0@6 