a b c d => x y z 
0 0 0 0 => X@2X@2X@2
1 1 0 1 => X@2X@2X@2
1 1 1 1 => X@2X@2X@2